2025-11-24T19:46:37.148+0100 INFO               [main]                         be.pxl.services.EmployeeServiceApplication - Starting EmployeeServiceApplication using Java 17.0.12 with PID 12244 (C:\Users\melon\Documents\PXL_25-26\Fullstack_Java\Labs\3tiwfullstack-labs-RenoMelon\backend-java\SpringCloudPXL\employee-service\target\classes started by melon in C:\Users\melon\Documents\PXL_25-26\Fullstack_Java\Labs\3tiwfullstack-labs-RenoMelon\backend-java\SpringCloudPXL)
2025-11-24T19:46:37.149+0100 DEBUG              [main]                         be.pxl.services.EmployeeServiceApplication - Running with Spring Boot v3.5.7, Spring v6.2.12
2025-11-24T19:46:37.150+0100 INFO               [main]                         be.pxl.services.EmployeeServiceApplication - No active profile set, falling back to 1 default profile: "default"
2025-11-24T19:46:46.580+0100 INFO               [main]                         be.pxl.services.EmployeeServiceApplication - Started EmployeeServiceApplication in 11.822 seconds (process running for 12.987)
2025-11-24T19:47:34.346+0100 INFO               [http-nio-8081-exec-1]         be.pxl.services.services.EmployeeService - Fetching employees from database...
2025-11-24T19:56:02.967+0100 INFO               [main]                         be.pxl.services.DepartmentServiceApplication - Starting DepartmentServiceApplication using Java 17.0.12 with PID 12768 (C:\Users\melon\Documents\PXL_25-26\Fullstack_Java\Labs\3tiwfullstack-labs-RenoMelon\backend-java\SpringCloudPXL\department-service\target\classes started by melon in C:\Users\melon\Documents\PXL_25-26\Fullstack_Java\Labs\3tiwfullstack-labs-RenoMelon\backend-java\SpringCloudPXL)
2025-11-24T19:56:02.968+0100 DEBUG              [main]                         be.pxl.services.DepartmentServiceApplication - Running with Spring Boot v3.5.7, Spring v6.2.12
2025-11-24T19:56:02.969+0100 INFO               [main]                         be.pxl.services.DepartmentServiceApplication - No active profile set, falling back to 1 default profile: "default"
2025-11-24T19:56:11.671+0100 INFO               [main]                         be.pxl.services.DepartmentServiceApplication - Started DepartmentServiceApplication in 10.904 seconds (process running for 11.7)
2025-11-24T19:56:45.664+0100 INFO               [http-nio-8082-exec-1]         be.pxl.services.services.DepartmentService - Fetching all departments from database...
2025-11-24T19:56:46.994+0100 INFO               [http-nio-8082-exec-2]         be.pxl.services.services.DepartmentService - Fetching all departments from database...
2025-11-24T19:56:47.654+0100 INFO               [http-nio-8082-exec-3]         be.pxl.services.services.DepartmentService - Fetching all departments from database...
2025-11-24T19:56:48.057+0100 INFO               [http-nio-8082-exec-4]         be.pxl.services.services.DepartmentService - Fetching all departments from database...
2025-11-24T19:56:48.613+0100 INFO               [http-nio-8082-exec-5]         be.pxl.services.services.DepartmentService - Fetching all departments from database...
2025-11-24T19:57:53.246+0100 INFO               [http-nio-8082-exec-7]         be.pxl.services.services.DepartmentService - Fetching all departments from database...
2025-11-24T19:57:54.390+0100 INFO               [http-nio-8082-exec-8]         be.pxl.services.services.DepartmentService - Fetching all departments from database...
2025-11-24T19:57:54.965+0100 INFO               [http-nio-8082-exec-9]         be.pxl.services.services.DepartmentService - Fetching all departments from database...
2025-11-24T19:57:55.673+0100 INFO               [http-nio-8082-exec-10]        be.pxl.services.services.DepartmentService - Fetching all departments from database...
2025-11-24T19:57:56.480+0100 INFO               [http-nio-8082-exec-1]         be.pxl.services.services.DepartmentService - Fetching all departments from database...
2025-11-24T19:57:57.298+0100 INFO               [http-nio-8082-exec-2]         be.pxl.services.services.DepartmentService - Fetching all departments from database...
2025-11-24T19:58:01.858+0100 INFO               [http-nio-8082-exec-3]         be.pxl.services.services.DepartmentService - Fetching all departments from database...
2025-11-24T19:58:02.601+0100 INFO               [http-nio-8082-exec-4]         be.pxl.services.services.DepartmentService - Fetching all departments from database...
2025-11-24T19:58:04.005+0100 INFO               [http-nio-8082-exec-5]         be.pxl.services.services.DepartmentService - Fetching all departments from database...
2025-11-24T19:58:07.931+0100 INFO               [http-nio-8082-exec-6]         be.pxl.services.services.DepartmentService - Fetching all departments from database...
2025-11-24T19:58:08.125+0100 INFO               [http-nio-8082-exec-7]         be.pxl.services.services.DepartmentService - Fetching all departments from database...
2025-11-24T19:58:08.456+0100 INFO               [http-nio-8082-exec-8]         be.pxl.services.services.DepartmentService - Fetching all departments from database...
2025-11-24T19:58:08.754+0100 INFO               [http-nio-8082-exec-9]         be.pxl.services.services.DepartmentService - Fetching all departments from database...
2025-11-24T19:58:09.038+0100 INFO               [http-nio-8082-exec-10]        be.pxl.services.services.DepartmentService - Fetching all departments from database...
2025-11-24T19:58:09.304+0100 INFO               [http-nio-8082-exec-1]         be.pxl.services.services.DepartmentService - Fetching all departments from database...
2025-11-24T19:58:09.537+0100 INFO               [http-nio-8082-exec-2]         be.pxl.services.services.DepartmentService - Fetching all departments from database...
2025-11-24T19:58:09.813+0100 INFO               [http-nio-8082-exec-3]         be.pxl.services.services.DepartmentService - Fetching all departments from database...
2025-11-24T19:58:10.053+0100 INFO               [http-nio-8082-exec-4]         be.pxl.services.services.DepartmentService - Fetching all departments from database...
2025-11-24T19:58:10.290+0100 INFO               [http-nio-8082-exec-5]         be.pxl.services.services.DepartmentService - Fetching all departments from database...
2025-11-24T19:58:10.483+0100 INFO               [http-nio-8082-exec-6]         be.pxl.services.services.DepartmentService - Fetching all departments from database...
2025-11-24T19:58:10.740+0100 INFO               [http-nio-8082-exec-7]         be.pxl.services.services.DepartmentService - Fetching all departments from database...
2025-11-24T19:58:10.939+0100 INFO               [http-nio-8082-exec-8]         be.pxl.services.services.DepartmentService - Fetching all departments from database...
2025-11-24T19:58:11.187+0100 INFO               [http-nio-8082-exec-9]         be.pxl.services.services.DepartmentService - Fetching all departments from database...
2025-11-24T20:47:42.573+0100 INFO               [main]                         be.pxl.services.EmployeeServiceApplication - Starting EmployeeServiceApplication using Java 17.0.12 with PID 10836 (C:\Users\melon\Documents\PXL_25-26\Fullstack_Java\Labs\3tiwfullstack-labs-RenoMelon\backend-java\SpringCloudPXL\employee-service\target\classes started by melon in C:\Users\melon\Documents\PXL_25-26\Fullstack_Java\Labs\3tiwfullstack-labs-RenoMelon\backend-java\SpringCloudPXL)
2025-11-24T20:47:42.574+0100 DEBUG              [main]                         be.pxl.services.EmployeeServiceApplication - Running with Spring Boot v3.5.7, Spring v6.2.12
2025-11-24T20:47:42.575+0100 INFO               [main]                         be.pxl.services.EmployeeServiceApplication - No active profile set, falling back to 1 default profile: "default"
2025-11-24T20:47:55.219+0100 INFO               [main]                         be.pxl.services.EmployeeServiceApplication - Started EmployeeServiceApplication in 15.413 seconds (process running for 16.526)
2025-11-24T20:49:27.160+0100 INFO               [http-nio-8081-exec-3]         be.pxl.services.services.EmployeeService - Fetching employees from database...
2025-11-24T20:50:39.882+0100 INFO               [http-nio-8081-exec-8]         be.pxl.services.services.EmployeeService - Attempting to add new employee to database with name: Poos De Rest
2025-11-24T20:50:40.124+0100 INFO               [http-nio-8081-exec-8]         be.pxl.services.services.EmployeeService - Successfully saved new employee and sent notification message.
2025-11-24T20:51:20.247+0100 INFO               [main]                         be.pxl.services.NotificationServiceApplication - Starting NotificationServiceApplication using Java 17.0.12 with PID 21616 (C:\Users\melon\Documents\PXL_25-26\Fullstack_Java\Labs\3tiwfullstack-labs-RenoMelon\backend-java\SpringCloudPXL\notification-service\target\classes started by melon in C:\Users\melon\Documents\PXL_25-26\Fullstack_Java\Labs\3tiwfullstack-labs-RenoMelon\backend-java\SpringCloudPXL)
2025-11-24T20:51:20.251+0100 DEBUG              [main]                         be.pxl.services.NotificationServiceApplication - Running with Spring Boot v3.5.7, Spring v6.2.12
2025-11-24T20:51:20.253+0100 INFO               [main]                         be.pxl.services.NotificationServiceApplication - No active profile set, falling back to 1 default profile: "default"
2025-11-24T20:51:27.123+0100 INFO               [main]                         be.pxl.services.NotificationServiceApplication - Started NotificationServiceApplication in 8.884 seconds (process running for 9.862)
2025-11-24T20:51:35.993+0100 INFO               [http-nio-8081-exec-10]        be.pxl.services.services.EmployeeService - Attempting to add new employee to database with name: Poos De Rest
2025-11-24T20:51:36.020+0100 INFO               [http-nio-8081-exec-10]        be.pxl.services.services.EmployeeService - Successfully saved new employee and sent notification message.
2025-11-24T20:51:36.035+0100 INFO               [org.springframework.amqp.rabbit.RabbitListenerEndpointContainer#0-1] be.pxl.services.service.NotificationListener - Received message from myQueue 'New employee created with name: Poos De Rest'
2025-11-24T20:51:41.699+0100 INFO               [http-nio-8081-exec-2]         be.pxl.services.services.EmployeeService - Attempting to add new employee to database with name: Poos De Rest
2025-11-24T20:51:41.714+0100 INFO               [http-nio-8081-exec-2]         be.pxl.services.services.EmployeeService - Successfully saved new employee and sent notification message.
2025-11-24T20:51:41.716+0100 INFO               [org.springframework.amqp.rabbit.RabbitListenerEndpointContainer#0-1] be.pxl.services.service.NotificationListener - Received message from myQueue 'New employee created with name: Poos De Rest'
